src/media-manager/media-manager.controller.ts(62,102): error TS2694: Namespace 'global.Express' has no exported member 'Multer'.
src/media-manager/media-manager.service.ts(2,10): error TS2305: Module '"@prisma/client"' has no exported member 'MediaType'.
src/media-manager/media-manager.service.ts(69,67): error TS2694: Namespace 'global.Express' has no exported member 'Multer'.
src/media/media.controller.ts(40,46): error TS2694: Namespace 'global.Express' has no exported member 'Multer'.
src/media/media.controller.ts(49,83): error TS1272: A type referenced in a decorated signature must be imported with 'import type' or a namespace import when 'isolatedModules' and 'emitDecoratorMetadata' are enabled.
